[2025-06-20 08:59:41 : INFO] - Cache for URL: http://localhost/smartco/?page_id=83 has been purged, triggered by action: wp_trash_post 
[2025-06-20 08:59:41 : INFO] - Cache for URL: http://localhost/smartco/?page_id=83 has been purged, triggered by action: save_post 
[2025-06-20 09:00:23 : INFO] - Cache for URL: http://localhost/smartco/ has been purged, triggered by action: save_post 
[2025-06-20 09:24:26 : INFO] - Cache for URL: http://localhost/smartco/?elementor_library=default-kit has been purged, triggered by action: save_post 
[2025-06-20 09:24:26 : INFO] - Cache for URL: http://localhost/smartco/?elementor_library=default-kit has been purged, triggered by action: save_post 
[2025-06-20 09:24:27 : INFO] - Cache for URL: http://localhost/smartco/?elementor_library=default-kit has been purged, triggered by action: save_post 
[2025-06-20 09:26:42 : INFO] - Full Cache Purge triggered by: plugin activation/deactivation 
[2025-06-20 09:33:16 : INFO] - Cache for URL: http://localhost/smartco/?elementskit_template=header-2 has been purged, triggered by action: save_post 
[2025-06-20 09:38:31 : INFO] - Cache for URL: http://localhost/smartco/?elementskit_template=footer has been purged, triggered by action: save_post 
[2025-06-20 09:42:42 : INFO] - Cache for URL: http://localhost/smartco/?elementskit_template=footer has been purged, triggered by action: save_post 
[2025-06-20 09:42:43 : INFO] - Cache for URL: http://localhost/smartco/?elementskit_template=footer has been purged, triggered by action: save_post 
[2025-06-20 09:42:43 : INFO] - Cache for URL: http://localhost/smartco/?elementskit_template=footer has been purged, triggered by action: save_post 
[2025-06-20 09:42:49 : INFO] - Cache for URL: http://localhost/smartco/?elementskit_template=footer-2 has been purged, triggered by action: wp_trash_post 
[2025-06-20 09:42:49 : INFO] - Cache for URL: http://localhost/smartco/?post_type=elementskit_template&p=78 has been purged, triggered by action: save_post 
[2025-06-20 09:43:25 : INFO] - Cache for URL: http://localhost/smartco/?elementskit_template=header-2 has been purged, triggered by action: save_post 
[2025-06-20 09:43:25 : INFO] - Cache for URL: http://localhost/smartco/?elementskit_template=header-2 has been purged, triggered by action: save_post 
[2025-06-20 09:43:26 : INFO] - Cache for URL: http://localhost/smartco/?elementskit_template=header-2 has been purged, triggered by action: save_post 
[2025-06-20 09:43:31 : INFO] - Cache for URL: http://localhost/smartco/?elementskit_template=header has been purged, triggered by action: wp_trash_post 
[2025-06-20 09:43:31 : INFO] - Cache for URL: http://localhost/smartco/?post_type=elementskit_template&p=68 has been purged, triggered by action: save_post 
[2025-06-20 09:44:39 : INFO] - Cache for URL: http://localhost/smartco/ has been purged, triggered by action: save_post 
[2025-06-20 09:44:39 : INFO] - Cache for URL: http://localhost/smartco/ has been purged, triggered by action: save_post 
[2025-06-20 09:44:40 : INFO] - Cache for URL: http://localhost/smartco/ has been purged, triggered by action: save_post 
[2025-06-20 09:51:20 : INFO] - Cache for multiple term taxonomy have been purged due to post terms update, triggered by action: set_object_terms 
[2025-06-20 09:51:20 : INFO] - Cache for multiple term taxonomy have been purged due to post terms update, triggered by action: set_object_terms 
[2025-06-20 09:51:20 : INFO] - Cache for multiple term taxonomy have been purged due to post terms update, triggered by action: set_object_terms 
[2025-06-20 09:51:20 : INFO] - Cache for multiple term taxonomy have been purged due to post terms update, triggered by action: set_object_terms 
[2025-06-20 09:55:03 : INFO] - Cache for URL: http://localhost/smartco/?elementskit_template=header-2 has been purged, triggered by action: save_post 
[2025-06-20 09:55:03 : INFO] - Cache for URL: http://localhost/smartco/?elementskit_template=header-2 has been purged, triggered by action: save_post 
[2025-06-20 09:55:03 : INFO] - Cache for URL: http://localhost/smartco/?elementskit_template=header-2 has been purged, triggered by action: save_post 
[2025-06-20 09:56:49 : INFO] - Cache for URL: http://localhost/smartco/?elementskit_template=header-2 has been purged, triggered by action: save_post 
[2025-06-20 09:56:49 : INFO] - Cache for URL: http://localhost/smartco/?elementskit_template=header-2 has been purged, triggered by action: save_post 
[2025-06-20 09:56:49 : INFO] - Cache for URL: http://localhost/smartco/?elementskit_template=header-2 has been purged, triggered by action: save_post 
[2025-06-20 10:01:09 : INFO] - Cache for URL: http://localhost/smartco/?elementor_library=default-kit has been purged, triggered by action: save_post 
[2025-06-20 10:01:09 : INFO] - Cache for URL: http://localhost/smartco/?elementor_library=default-kit has been purged, triggered by action: save_post 
[2025-06-20 10:01:09 : INFO] - Cache for URL: http://localhost/smartco/?elementor_library=default-kit has been purged, triggered by action: save_post 
[2025-06-20 10:02:29 : INFO] - Cache for URL: http://localhost/smartco/ has been purged, triggered by action: save_post 
[2025-06-20 10:02:30 : INFO] - Cache for URL: http://localhost/smartco/ has been purged, triggered by action: save_post 
[2025-06-20 10:02:31 : INFO] - Cache for URL: http://localhost/smartco/ has been purged, triggered by action: save_post 
[2025-06-20 10:02:48 : INFO] - Cache for URL: http://localhost/smartco/?elementor_library=default-kit has been purged, triggered by action: save_post 
[2025-06-20 10:02:48 : INFO] - Cache for URL: http://localhost/smartco/?elementor_library=default-kit has been purged, triggered by action: save_post 
[2025-06-20 10:02:48 : INFO] - Cache for URL: http://localhost/smartco/?elementor_library=default-kit has been purged, triggered by action: save_post 
[2025-06-20 10:03:40 : INFO] - Cache for URL: http://localhost/smartco/?elementor_library=default-kit has been purged, triggered by action: save_post 
[2025-06-20 10:03:40 : INFO] - Cache for URL: http://localhost/smartco/?elementor_library=default-kit has been purged, triggered by action: save_post 
[2025-06-20 10:03:40 : INFO] - Cache for URL: http://localhost/smartco/?elementor_library=default-kit has been purged, triggered by action: save_post 
[2025-06-20 10:04:36 : INFO] - Cache for URL: http://localhost/smartco/?elementskit_template=footer has been purged, triggered by action: save_post 
[2025-06-20 10:04:36 : INFO] - Cache for URL: http://localhost/smartco/?elementskit_template=footer has been purged, triggered by action: save_post 
[2025-06-20 10:04:37 : INFO] - Cache for URL: http://localhost/smartco/?elementskit_template=footer has been purged, triggered by action: save_post 
[2025-06-20 10:05:34 : INFO] - Cache for URL: http://localhost/smartco/ has been purged, triggered by action: save_post 
[2025-06-20 10:09:35 : INFO] - Cache for URL: http://localhost/smartco/ has been purged, triggered by action: save_post 
[2025-06-20 10:09:35 : INFO] - Cache for URL: http://localhost/smartco/ has been purged, triggered by action: save_post 
[2025-06-20 10:09:36 : INFO] - Cache for URL: http://localhost/smartco/ has been purged, triggered by action: save_post 
[2025-06-20 10:14:58 : INFO] - Cache for URL: http://localhost/smartco/ has been purged, triggered by action: save_post 
[2025-06-20 10:14:58 : INFO] - Cache for URL: http://localhost/smartco/ has been purged, triggered by action: save_post 
[2025-06-20 10:14:59 : INFO] - Cache for URL: http://localhost/smartco/ has been purged, triggered by action: save_post 
[2025-06-20 10:20:13 : INFO] - Cache for URL: http://localhost/smartco/ has been purged, triggered by action: save_post 
[2025-06-20 10:20:13 : INFO] - Cache for URL: http://localhost/smartco/ has been purged, triggered by action: save_post 
[2025-06-20 10:20:13 : INFO] - Cache for URL: http://localhost/smartco/ has been purged, triggered by action: save_post 
[2025-06-20 10:25:27 : INFO] - Cache for URL: http://localhost/smartco/?elementskit_template=footer has been purged, triggered by action: save_post 
[2025-06-20 10:25:27 : INFO] - Cache for URL: http://localhost/smartco/?elementskit_template=footer has been purged, triggered by action: save_post 
[2025-06-20 10:25:28 : INFO] - Cache for URL: http://localhost/smartco/?elementskit_template=footer has been purged, triggered by action: save_post 
[2025-06-20 10:30:24 : INFO] - Cache for URL: http://localhost/smartco/?elementskit_template=footer has been purged, triggered by action: save_post 
[2025-06-20 10:30:24 : INFO] - Cache for URL: http://localhost/smartco/?elementskit_template=footer has been purged, triggered by action: save_post 
[2025-06-20 10:30:24 : INFO] - Cache for URL: http://localhost/smartco/?elementskit_template=footer has been purged, triggered by action: save_post 
[2025-06-20 10:31:02 : INFO] - Cache for URL: http://localhost/smartco/ has been purged, triggered by action: save_post 
[2025-06-20 10:31:02 : INFO] - Cache for URL: http://localhost/smartco/ has been purged, triggered by action: save_post 
[2025-06-20 10:31:02 : INFO] - Cache for URL: http://localhost/smartco/ has been purged, triggered by action: save_post 
[2025-06-20 10:36:44 : INFO] - Cache for URL: http://localhost/smartco/ has been purged, triggered by action: save_post 
[2025-06-20 10:36:44 : INFO] - Cache for URL: http://localhost/smartco/ has been purged, triggered by action: save_post 
[2025-06-20 10:36:44 : INFO] - Cache for URL: http://localhost/smartco/ has been purged, triggered by action: save_post 
[2025-06-20 10:38:45 : INFO] - Cache for URL: http://localhost/smartco/ has been purged, triggered by action: save_post 
[2025-06-20 10:38:45 : INFO] - Cache for URL: http://localhost/smartco/ has been purged, triggered by action: save_post 
[2025-06-20 10:38:45 : INFO] - Cache for URL: http://localhost/smartco/ has been purged, triggered by action: save_post 
[2025-06-20 10:38:54 : INFO] - Cache for URL: http://localhost/smartco/ has been purged, triggered by action: save_post 
[2025-06-20 10:38:54 : INFO] - Cache for URL: http://localhost/smartco/ has been purged, triggered by action: save_post 
[2025-06-20 10:38:54 : INFO] - Cache for URL: http://localhost/smartco/ has been purged, triggered by action: save_post 
[2025-06-20 10:40:57 : INFO] - Cache for URL: http://localhost/smartco/?elementskit_template=header-2 has been purged, triggered by action: save_post 
[2025-06-20 10:40:57 : INFO] - Cache for URL: http://localhost/smartco/?elementskit_template=header-2 has been purged, triggered by action: save_post 
[2025-06-20 10:40:57 : INFO] - Cache for URL: http://localhost/smartco/?elementskit_template=header-2 has been purged, triggered by action: save_post 
[2025-06-20 10:43:22 : INFO] - Cache for URL: http://localhost/smartco/ has been purged, triggered by action: save_post 
[2025-06-20 10:43:22 : INFO] - Cache for URL: http://localhost/smartco/ has been purged, triggered by action: save_post 
[2025-06-20 10:43:23 : INFO] - Cache for URL: http://localhost/smartco/ has been purged, triggered by action: save_post 
[2025-06-20 10:44:40 : INFO] - Cache for URL: http://localhost/smartco/?elementskit_template=footer has been purged, triggered by action: save_post 
[2025-06-20 10:44:41 : INFO] - Cache for URL: http://localhost/smartco/?elementskit_template=footer has been purged, triggered by action: save_post 
[2025-06-20 10:44:41 : INFO] - Cache for URL: http://localhost/smartco/?elementskit_template=footer has been purged, triggered by action: save_post 
[2025-06-20 10:45:02 : INFO] - Cache for URL: http://localhost/smartco/?elementskit_template=footer has been purged, triggered by action: save_post 
[2025-06-20 10:45:02 : INFO] - Cache for URL: http://localhost/smartco/?elementskit_template=footer has been purged, triggered by action: save_post 
[2025-06-20 10:45:03 : INFO] - Cache for URL: http://localhost/smartco/?elementskit_template=footer has been purged, triggered by action: save_post 
[2025-06-20 10:51:19 : INFO] - Cache for URL: http://localhost/smartco/?elementskit_template=footer has been purged, triggered by action: save_post 
[2025-06-20 10:51:19 : INFO] - Cache for URL: http://localhost/smartco/?elementskit_template=footer has been purged, triggered by action: save_post 
[2025-06-20 10:51:19 : INFO] - Cache for URL: http://localhost/smartco/?elementskit_template=footer has been purged, triggered by action: save_post 
[2025-06-20 10:54:34 : INFO] - Cache for URL: http://localhost/smartco/?elementskit_template=header-2 has been purged, triggered by action: save_post 
[2025-06-20 10:54:35 : INFO] - Cache for URL: http://localhost/smartco/?elementskit_template=header-2 has been purged, triggered by action: save_post 
[2025-06-20 10:54:35 : INFO] - Cache for URL: http://localhost/smartco/?elementskit_template=header-2 has been purged, triggered by action: save_post 
[2025-06-20 10:57:11 : INFO] - Cache for URL: http://localhost/smartco/?elementskit_template=footer has been purged, triggered by action: save_post 
[2025-06-20 10:57:11 : INFO] - Cache for URL: http://localhost/smartco/?elementskit_template=footer has been purged, triggered by action: save_post 
[2025-06-20 10:57:11 : INFO] - Cache for URL: http://localhost/smartco/?elementskit_template=footer has been purged, triggered by action: save_post 
[2025-06-20 11:30:21 : INFO] - Cache for URL: http://localhost/smartco/ has been purged, triggered by action: save_post 
[2025-06-20 11:30:21 : INFO] - Cache for URL: http://localhost/smartco/ has been purged, triggered by action: save_post 
[2025-06-20 11:30:22 : INFO] - Cache for URL: http://localhost/smartco/ has been purged, triggered by action: save_post 
[2025-06-20 11:34:23 : INFO] - Cache for URL: http://localhost/smartco/?elementskit_template=header-2 has been purged, triggered by action: save_post 
[2025-06-20 11:34:23 : INFO] - Cache for URL: http://localhost/smartco/?elementskit_template=header-2 has been purged, triggered by action: save_post 
[2025-06-20 11:34:24 : INFO] - Cache for URL: http://localhost/smartco/?elementskit_template=header-2 has been purged, triggered by action: save_post 
[2025-06-20 11:34:56 : INFO] - Cache for URL: http://localhost/smartco/?elementskit_template=header-2 has been purged, triggered by action: save_post 
[2025-06-20 11:34:56 : INFO] - Cache for URL: http://localhost/smartco/?elementskit_template=header-2 has been purged, triggered by action: save_post 
[2025-06-20 11:34:56 : INFO] - Cache for URL: http://localhost/smartco/?elementskit_template=header-2 has been purged, triggered by action: save_post 
[2025-06-20 11:35:26 : INFO] - Cache for URL: http://localhost/smartco/?elementskit_template=header-2 has been purged, triggered by action: save_post 
[2025-06-20 11:35:26 : INFO] - Cache for URL: http://localhost/smartco/?elementskit_template=header-2 has been purged, triggered by action: save_post 
[2025-06-20 11:35:26 : INFO] - Cache for URL: http://localhost/smartco/?elementskit_template=header-2 has been purged, triggered by action: save_post 
[2025-06-20 11:38:01 : INFO] - Cache for URL: http://localhost/smartco/ has been purged, triggered by action: save_post 
[2025-06-20 11:38:01 : INFO] - Cache for URL: http://localhost/smartco/ has been purged, triggered by action: save_post 
[2025-06-20 11:38:01 : INFO] - Cache for URL: http://localhost/smartco/ has been purged, triggered by action: save_post 
[2025-06-20 11:38:36 : INFO] - Cache for URL: http://localhost/smartco/ has been purged, triggered by action: save_post 
[2025-06-20 11:38:36 : INFO] - Cache for URL: http://localhost/smartco/ has been purged, triggered by action: save_post 
[2025-06-20 11:38:36 : INFO] - Cache for URL: http://localhost/smartco/ has been purged, triggered by action: save_post 
[2025-06-20 11:44:24 : INFO] - Cache for URL: http://localhost/smartco/ has been purged, triggered by action: save_post 
[2025-06-20 11:44:24 : INFO] - Cache for URL: http://localhost/smartco/ has been purged, triggered by action: save_post 
[2025-06-20 11:44:25 : INFO] - Cache for URL: http://localhost/smartco/ has been purged, triggered by action: save_post 
[2025-06-20 11:45:43 : INFO] - Cache for URL: http://localhost/smartco/ has been purged, triggered by action: save_post 
[2025-06-20 11:45:43 : INFO] - Cache for URL: http://localhost/smartco/ has been purged, triggered by action: save_post 
[2025-06-20 11:45:43 : INFO] - Cache for URL: http://localhost/smartco/ has been purged, triggered by action: save_post 
[2025-06-23 07:13:22 : INFO] - Cache for URL: http://localhost/smartco/ has been purged, triggered by action: save_post 
[2025-06-23 07:13:26 : INFO] - Cache for URL: http://localhost/smartco/ has been purged, triggered by action: save_post 
[2025-06-23 07:13:26 : INFO] - Cache for URL: http://localhost/smartco/ has been purged, triggered by action: save_post 
[2025-06-23 07:13:38 : INFO] - Cache for URL: http://localhost/smartco/ has been purged, triggered by action: save_post 
[2025-06-23 07:14:39 : INFO] - Cache for URL: http://localhost/smartco/ has been purged, triggered by action: save_post 
[2025-06-23 07:17:08 : INFO] - Cache for URL: http://localhost/smartco/?elementskit_template=header-all has been purged, triggered by action: save_post 
[2025-06-23 07:17:24 : INFO] - Cache for URL: http://localhost/smartco/?elementskit_template=footer-all has been purged, triggered by action: save_post 
[2025-06-23 07:18:15 : INFO] - Cache for URL: http://localhost/smartco/?elementskit_template=footer-all has been purged, triggered by action: save_post 
[2025-06-23 07:18:15 : INFO] - Cache for URL: http://localhost/smartco/?elementskit_template=footer-all has been purged, triggered by action: save_post 
[2025-06-23 07:18:15 : INFO] - Cache for URL: http://localhost/smartco/?elementskit_template=footer-all has been purged, triggered by action: save_post 
[2025-06-23 07:18:59 : INFO] - Cache for URL: http://localhost/smartco/?elementskit_template=header-all has been purged, triggered by action: save_post 
[2025-06-23 07:18:59 : INFO] - Cache for URL: http://localhost/smartco/?elementskit_template=header-all has been purged, triggered by action: save_post 
[2025-06-23 07:18:59 : INFO] - Cache for URL: http://localhost/smartco/?elementskit_template=header-all has been purged, triggered by action: save_post 
[2025-06-23 07:21:15 : INFO] - Cache for URL: http://localhost/smartco/ has been purged, triggered by action: save_post 
[2025-06-23 07:21:15 : INFO] - Cache for URL: http://localhost/smartco/ has been purged, triggered by action: save_post 
[2025-06-23 07:21:16 : INFO] - Cache for URL: http://localhost/smartco/ has been purged, triggered by action: save_post 
[2025-06-23 07:24:34 : INFO] - Cache for URL: http://localhost/smartco/?elementskit_template=footer-all has been purged, triggered by action: save_post 
[2025-06-23 07:24:34 : INFO] - Cache for URL: http://localhost/smartco/?elementskit_template=footer-all has been purged, triggered by action: save_post 
[2025-06-23 07:24:35 : INFO] - Cache for URL: http://localhost/smartco/?elementskit_template=footer-all has been purged, triggered by action: save_post 
[2025-06-23 08:11:44 : INFO] - Cache for URL: http://localhost/smartco/?elementskit_template=footer-all has been purged, triggered by action: save_post 
[2025-06-23 08:11:44 : INFO] - Cache for URL: http://localhost/smartco/?elementskit_template=footer-all has been purged, triggered by action: save_post 
[2025-06-23 08:11:44 : INFO] - Cache for URL: http://localhost/smartco/?elementskit_template=footer-all has been purged, triggered by action: save_post 
[2025-06-23 08:12:36 : INFO] - Cache for URL: http://localhost/smartco/?elementskit_template=header-all has been purged, triggered by action: save_post 
[2025-06-23 08:12:36 : INFO] - Cache for URL: http://localhost/smartco/?elementskit_template=header-all has been purged, triggered by action: save_post 
[2025-06-23 08:12:37 : INFO] - Cache for URL: http://localhost/smartco/?elementskit_template=header-all has been purged, triggered by action: save_post 
[2025-06-23 08:13:28 : INFO] - Cache for URL: http://localhost/smartco/?elementskit_template=footer-all has been purged, triggered by action: save_post 
[2025-06-23 08:13:28 : INFO] - Cache for URL: http://localhost/smartco/?elementskit_template=footer-all has been purged, triggered by action: save_post 
[2025-06-23 08:13:28 : INFO] - Cache for URL: http://localhost/smartco/?elementskit_template=footer-all has been purged, triggered by action: save_post 
[2025-06-23 08:13:46 : INFO] - Cache for URL: http://localhost/smartco/?elementskit_template=footer-all has been purged, triggered by action: save_post 
[2025-06-23 08:13:46 : INFO] - Cache for URL: http://localhost/smartco/?elementskit_template=footer-all has been purged, triggered by action: save_post 
[2025-06-23 08:13:47 : INFO] - Cache for URL: http://localhost/smartco/?elementskit_template=footer-all has been purged, triggered by action: save_post 
[2025-06-23 08:17:06 : INFO] - Cache for URL: http://localhost/smartco/?elementskit_template=footer-all has been purged, triggered by action: save_post 
[2025-06-23 08:17:06 : INFO] - Cache for URL: http://localhost/smartco/?elementskit_template=footer-all has been purged, triggered by action: save_post 
[2025-06-23 08:17:07 : INFO] - Cache for URL: http://localhost/smartco/?elementskit_template=footer-all has been purged, triggered by action: save_post 
[2025-06-23 08:17:59 : INFO] - Cache for URL: http://localhost/smartco/?elementskit_template=footer-all has been purged, triggered by action: save_post 
[2025-06-23 08:17:59 : INFO] - Cache for URL: http://localhost/smartco/?elementskit_template=footer-all has been purged, triggered by action: save_post 
[2025-06-23 08:18:00 : INFO] - Cache for URL: http://localhost/smartco/?elementskit_template=footer-all has been purged, triggered by action: save_post 
[2025-06-23 08:20:52 : INFO] - Cache for multiple term taxonomy have been purged due to post terms update, triggered by action: set_object_terms 
[2025-06-23 08:20:52 : INFO] - Cache for multiple term taxonomy have been purged due to post terms update, triggered by action: set_object_terms 
[2025-06-23 08:20:52 : INFO] - Cache for multiple term taxonomy have been purged due to post terms update, triggered by action: set_object_terms 
[2025-06-23 08:20:52 : INFO] - Cache for multiple term taxonomy have been purged due to post terms update, triggered by action: set_object_terms 
[2025-06-23 08:21:17 : INFO] - Full Cache Purge triggered by: plugin activation/deactivation 
[2025-06-23 08:22:50 : INFO] - Full Cache Purge triggered by: plugin activation/deactivation 
[2025-06-23 08:23:59 : INFO] - Cache for URL: http://localhost/smartco/?elementskit_template=header-all has been purged, triggered by action: save_post 
[2025-06-23 08:23:59 : INFO] - Cache for URL: http://localhost/smartco/?elementskit_template=header-all has been purged, triggered by action: save_post 
[2025-06-23 08:23:59 : INFO] - Cache for URL: http://localhost/smartco/?elementskit_template=header-all has been purged, triggered by action: save_post 
[2025-06-23 08:24:08 : INFO] - Cache for URL: http://localhost/smartco/?elementskit_template=header-all has been purged, triggered by action: save_post 
[2025-06-23 08:24:08 : INFO] - Cache for URL: http://localhost/smartco/?elementskit_template=header-all has been purged, triggered by action: save_post 
[2025-06-23 08:24:09 : INFO] - Cache for URL: http://localhost/smartco/?elementskit_template=header-all has been purged, triggered by action: save_post 
[2025-06-23 08:24:42 : INFO] - Cache for URL: http://localhost/smartco/ has been purged, triggered by action: save_post 
[2025-06-23 08:25:51 : INFO] - Cache for URL: http://localhost/smartco/?elementskit_template=header-all has been purged, triggered by action: save_post 
[2025-06-23 08:25:51 : INFO] - Cache for URL: http://localhost/smartco/?elementskit_template=header-all has been purged, triggered by action: save_post 
[2025-06-23 08:25:51 : INFO] - Cache for URL: http://localhost/smartco/?elementskit_template=header-all has been purged, triggered by action: save_post 
[2025-06-23 08:26:18 : INFO] - Cache for URL: http://localhost/smartco/ has been purged, triggered by action: save_post 
[2025-06-23 08:30:40 : INFO] - Cache for URL: http://localhost/smartco/ has been purged, triggered by action: save_post 
[2025-06-23 08:30:40 : INFO] - Cache for URL: http://localhost/smartco/ has been purged, triggered by action: save_post 
[2025-06-23 08:30:40 : INFO] - Cache for URL: http://localhost/smartco/ has been purged, triggered by action: save_post 
[2025-06-23 08:33:06 : INFO] - Cache for URL: http://localhost/smartco/?elementor_library=default-kit has been purged, triggered by action: save_post 
[2025-06-23 08:33:06 : INFO] - Cache for URL: http://localhost/smartco/?elementor_library=default-kit has been purged, triggered by action: save_post 
[2025-06-23 08:33:06 : INFO] - Cache for URL: http://localhost/smartco/?elementor_library=default-kit has been purged, triggered by action: save_post 
[2025-06-23 08:34:21 : INFO] - Cache for URL: http://localhost/smartco/?elementor_library=default-kit has been purged, triggered by action: save_post 
[2025-06-23 08:34:21 : INFO] - Cache for URL: http://localhost/smartco/?elementor_library=default-kit has been purged, triggered by action: save_post 
[2025-06-23 08:34:21 : INFO] - Cache for URL: http://localhost/smartco/?elementor_library=default-kit has been purged, triggered by action: save_post 
[2025-06-23 08:35:48 : INFO] - Cache for URL: http://localhost/smartco/ has been purged, triggered by action: save_post 
[2025-06-23 08:35:48 : INFO] - Cache for URL: http://localhost/smartco/ has been purged, triggered by action: save_post 
[2025-06-23 08:35:48 : INFO] - Cache for URL: http://localhost/smartco/ has been purged, triggered by action: save_post 
[2025-06-23 08:43:14 : INFO] - Cache for URL: http://localhost/smartco/ has been purged, triggered by action: save_post 
[2025-06-23 08:43:14 : INFO] - Cache for URL: http://localhost/smartco/ has been purged, triggered by action: save_post 
[2025-06-23 08:43:15 : INFO] - Cache for URL: http://localhost/smartco/ has been purged, triggered by action: save_post 
[2025-06-23 08:44:30 : INFO] - Cache for URL: http://localhost/smartco/ has been purged, triggered by action: save_post 
[2025-06-23 08:44:30 : INFO] - Cache for URL: http://localhost/smartco/ has been purged, triggered by action: save_post 
[2025-06-23 08:44:31 : INFO] - Cache for URL: http://localhost/smartco/ has been purged, triggered by action: save_post 
[2025-06-23 08:44:50 : INFO] - Cache for URL: http://localhost/smartco/ has been purged, triggered by action: save_post 
[2025-06-23 08:44:50 : INFO] - Cache for URL: http://localhost/smartco/ has been purged, triggered by action: save_post 
[2025-06-23 08:44:51 : INFO] - Cache for URL: http://localhost/smartco/ has been purged, triggered by action: save_post 
[2025-06-23 08:46:36 : INFO] - Cache for URL: http://localhost/smartco/ has been purged, triggered by action: save_post 
[2025-06-23 08:46:36 : INFO] - Cache for URL: http://localhost/smartco/ has been purged, triggered by action: save_post 
[2025-06-23 08:46:37 : INFO] - Cache for URL: http://localhost/smartco/ has been purged, triggered by action: save_post 
[2025-06-23 08:51:14 : INFO] - Cache for URL: http://localhost/smartco/ has been purged, triggered by action: save_post 
[2025-06-23 08:51:14 : INFO] - Cache for URL: http://localhost/smartco/ has been purged, triggered by action: save_post 
[2025-06-23 08:51:15 : INFO] - Cache for URL: http://localhost/smartco/ has been purged, triggered by action: save_post 
[2025-06-23 09:19:44 : INFO] - Cache for URL: http://localhost/smartco/ has been purged, triggered by action: save_post 
[2025-06-23 09:19:44 : INFO] - Cache for URL: http://localhost/smartco/ has been purged, triggered by action: save_post 
[2025-06-23 09:19:45 : INFO] - Cache for URL: http://localhost/smartco/ has been purged, triggered by action: save_post 
[2025-06-23 09:21:41 : INFO] - Cache for URL: http://localhost/smartco/ has been purged, triggered by action: save_post 
[2025-06-23 09:21:42 : INFO] - Cache for URL: http://localhost/smartco/ has been purged, triggered by action: save_post 
[2025-06-23 09:21:43 : INFO] - Cache for URL: http://localhost/smartco/ has been purged, triggered by action: save_post 
[2025-06-23 09:22:39 : INFO] - Cache for URL: http://localhost/smartco/ has been purged, triggered by action: save_post 
[2025-06-23 09:22:39 : INFO] - Cache for URL: http://localhost/smartco/ has been purged, triggered by action: save_post 
[2025-06-23 09:22:40 : INFO] - Cache for URL: http://localhost/smartco/ has been purged, triggered by action: save_post 
[2025-06-23 09:25:58 : INFO] - Cache for URL: http://localhost/smartco/?elementskit_template=header-all has been purged, triggered by action: save_post 
[2025-06-23 09:25:58 : INFO] - Cache for URL: http://localhost/smartco/?elementskit_template=header-all has been purged, triggered by action: save_post 
[2025-06-23 09:25:59 : INFO] - Cache for URL: http://localhost/smartco/?elementskit_template=header-all has been purged, triggered by action: save_post 
[2025-06-23 09:27:09 : INFO] - Cache for URL: http://localhost/smartco/?elementskit_template=header-all has been purged, triggered by action: save_post 
[2025-06-23 09:27:09 : INFO] - Cache for URL: http://localhost/smartco/?elementskit_template=header-all has been purged, triggered by action: save_post 
[2025-06-23 09:27:10 : INFO] - Cache for URL: http://localhost/smartco/?elementskit_template=header-all has been purged, triggered by action: save_post 
[2025-06-23 09:33:16 : INFO] - Cache for URL: http://localhost/smartco/?elementskit_template=header-all has been purged, triggered by action: save_post 
[2025-06-23 09:33:16 : INFO] - Cache for URL: http://localhost/smartco/?elementskit_template=header-all has been purged, triggered by action: save_post 
[2025-06-23 09:33:17 : INFO] - Cache for URL: http://localhost/smartco/?elementskit_template=header-all has been purged, triggered by action: save_post 
[2025-06-23 09:33:47 : INFO] - Cache for URL: http://localhost/smartco/?elementskit_template=header-all has been purged, triggered by action: save_post 
[2025-06-23 09:33:48 : INFO] - Cache for URL: http://localhost/smartco/?elementskit_template=header-all has been purged, triggered by action: save_post 
[2025-06-23 09:33:48 : INFO] - Cache for URL: http://localhost/smartco/?elementskit_template=header-all has been purged, triggered by action: save_post 
[2025-06-23 09:37:20 : INFO] - Cache for URL: http://localhost/smartco/?elementskit_template=footer-all has been purged, triggered by action: save_post 
[2025-06-23 09:37:20 : INFO] - Cache for URL: http://localhost/smartco/?elementskit_template=footer-all has been purged, triggered by action: save_post 
[2025-06-23 09:37:20 : INFO] - Cache for URL: http://localhost/smartco/?elementskit_template=footer-all has been purged, triggered by action: save_post 
[2025-06-23 09:43:50 : INFO] - Cache for URL: http://localhost/smartco/?elementskit_template=footer-all has been purged, triggered by action: save_post 
[2025-06-23 09:43:50 : INFO] - Cache for URL: http://localhost/smartco/?elementskit_template=footer-all has been purged, triggered by action: save_post 
[2025-06-23 09:43:51 : INFO] - Cache for URL: http://localhost/smartco/?elementskit_template=footer-all has been purged, triggered by action: save_post 
[2025-06-23 09:44:02 : INFO] - Cache for URL: http://localhost/smartco/?elementskit_template=footer-all has been purged, triggered by action: save_post 
[2025-06-23 09:44:02 : INFO] - Cache for URL: http://localhost/smartco/?elementskit_template=footer-all has been purged, triggered by action: save_post 
[2025-06-23 09:44:03 : INFO] - Cache for URL: http://localhost/smartco/?elementskit_template=footer-all has been purged, triggered by action: save_post 
[2025-06-23 09:44:29 : INFO] - Cache for URL: http://localhost/smartco/?elementskit_template=footer-all has been purged, triggered by action: save_post 
[2025-06-23 09:44:29 : INFO] - Cache for URL: http://localhost/smartco/?elementskit_template=footer-all has been purged, triggered by action: save_post 
[2025-06-23 09:44:30 : INFO] - Cache for URL: http://localhost/smartco/?elementskit_template=footer-all has been purged, triggered by action: save_post 
[2025-06-23 09:45:29 : INFO] - Cache for URL: http://localhost/smartco/?elementskit_template=footer-all has been purged, triggered by action: save_post 
[2025-06-23 09:45:29 : INFO] - Cache for URL: http://localhost/smartco/?elementskit_template=footer-all has been purged, triggered by action: save_post 
[2025-06-23 09:45:30 : INFO] - Cache for URL: http://localhost/smartco/?elementskit_template=footer-all has been purged, triggered by action: save_post 
[2025-06-23 09:45:57 : INFO] - Cache for URL: http://localhost/smartco/?elementskit_template=footer-all has been purged, triggered by action: save_post 
[2025-06-23 09:45:57 : INFO] - Cache for URL: http://localhost/smartco/?elementskit_template=footer-all has been purged, triggered by action: save_post 
[2025-06-23 09:45:58 : INFO] - Cache for URL: http://localhost/smartco/?elementskit_template=footer-all has been purged, triggered by action: save_post 
[2025-06-23 09:49:25 : INFO] - Cache for URL: http://localhost/smartco/ has been purged, triggered by action: save_post 
[2025-06-23 09:49:26 : INFO] - Cache for URL: http://localhost/smartco/ has been purged, triggered by action: save_post 
[2025-06-23 09:49:27 : INFO] - Cache for URL: http://localhost/smartco/ has been purged, triggered by action: save_post 
[2025-06-23 09:50:10 : INFO] - Cache for URL: http://localhost/smartco/ has been purged, triggered by action: save_post 
[2025-06-23 09:50:10 : INFO] - Cache for URL: http://localhost/smartco/ has been purged, triggered by action: save_post 
[2025-06-23 09:50:11 : INFO] - Cache for URL: http://localhost/smartco/ has been purged, triggered by action: save_post 
[2026-07-09 04:33:19 : INFO] - Full Cache Purge triggered by: plugin activation/deactivation 
