[2025-06-18 08:49:00 : INFO] - Cache for URL: http://localhost/Orbit-Commercial-Bank/?p=620 has been purged, triggered by action: save_post 
[2025-06-18 08:49:00 : INFO] - Cache for previous post (with URL: http://localhost/Orbit-Commercial-Bank/hello-world/) adjacent to post with id: 620 has been purged, triggered by action: save_post 
[2025-06-18 08:49:00 : INFO] - Cache for all archives page associated with post_type: post and Title: "Auto Draft" have been purged, triggered by action: save_post 
[2025-06-18 08:50:34 : INFO] - Cache for URL: http://localhost/Orbit-Commercial-Bank/?p=621 has been purged, triggered by action: save_post 
[2025-06-18 08:50:34 : INFO] - Cache for previous post (with URL: http://localhost/Orbit-Commercial-Bank/hello-world/) adjacent to post with id: 621 has been purged, triggered by action: save_post 
[2025-06-18 08:50:34 : INFO] - Cache for all archives page associated with post_type: post and Title: "Auto Draft" have been purged, triggered by action: save_post 
[2025-06-18 08:53:12 : INFO] - Cache for multiple term taxonomy have been purged due to post terms update, triggered by action: set_object_terms 
[2025-06-18 08:53:30 : INFO] - Cache for multiple term taxonomy have been purged due to post terms update, triggered by action: set_object_terms 
[2025-06-18 08:56:33 : INFO] - Cache for multiple term taxonomy have been purged due to post terms update, triggered by action: set_object_terms 
[2025-06-18 08:58:07 : INFO] - Cache for URL: http://localhost/Orbit-Commercial-Bank/?elementor_library=default-kit-2 has been purged, triggered by action: save_post 
[2025-06-18 08:59:53 : INFO] - Full Cache Purge triggered by: plugin activation/deactivation 
[2025-06-18 08:59:57 : INFO] - Full Cache Purge triggered by: plugin activation/deactivation 
[2025-06-18 08:59:57 : INFO] - Full Cache Purge triggered by: WPO_Page_Cache::disable 
[2025-06-18 08:59:57 : INFO] - Full Cache Purge triggered by: WP_Optimize_Minify_Cache_Functions::purge_others 
[2025-06-18 09:09:39 : INFO] - Cache for URL: http://localhost/Orbit-Commercial-Bank/?elementskit_template=header-all has been purged, triggered by action: save_post 
[2025-06-18 09:09:39 : INFO] - Cache for URL: http://localhost/Orbit-Commercial-Bank/?elementskit_template=header-all has been purged, triggered by action: save_post 
[2025-06-18 09:09:39 : INFO] - Cache for URL: http://localhost/Orbit-Commercial-Bank/?elementskit_template=header-all has been purged, triggered by action: save_post 
[2025-06-18 09:11:19 : INFO] - Cache for URL: http://localhost/Orbit-Commercial-Bank/?elementskit_template=header-all has been purged, triggered by action: save_post 
[2025-06-18 09:11:19 : INFO] - Cache for URL: http://localhost/Orbit-Commercial-Bank/?elementskit_template=header-all has been purged, triggered by action: save_post 
[2025-06-18 09:11:20 : INFO] - Cache for URL: http://localhost/Orbit-Commercial-Bank/?elementskit_template=header-all has been purged, triggered by action: save_post 
[2025-06-18 09:11:58 : INFO] - Cache for URL: http://localhost/Orbit-Commercial-Bank/?elementskit_template=header-all has been purged, triggered by action: save_post 
[2025-06-18 09:11:58 : INFO] - Cache for URL: http://localhost/Orbit-Commercial-Bank/?elementskit_template=header-all has been purged, triggered by action: save_post 
[2025-06-18 09:11:58 : INFO] - Cache for URL: http://localhost/Orbit-Commercial-Bank/?elementskit_template=header-all has been purged, triggered by action: save_post 
[2025-06-18 09:12:36 : INFO] - Cache for URL: http://localhost/Orbit-Commercial-Bank/?elementskit_template=header-all has been purged, triggered by action: save_post 
[2025-06-18 09:12:36 : INFO] - Cache for URL: http://localhost/Orbit-Commercial-Bank/?elementskit_template=header-all has been purged, triggered by action: save_post 
[2025-06-18 09:12:36 : INFO] - Cache for URL: http://localhost/Orbit-Commercial-Bank/?elementskit_template=header-all has been purged, triggered by action: save_post 
[2025-06-18 09:12:59 : INFO] - Cache for URL: http://localhost/Orbit-Commercial-Bank/?elementskit_template=header-all has been purged, triggered by action: save_post 
[2025-06-18 09:12:59 : INFO] - Cache for URL: http://localhost/Orbit-Commercial-Bank/?elementskit_template=header-all has been purged, triggered by action: save_post 
[2025-06-18 09:12:59 : INFO] - Cache for URL: http://localhost/Orbit-Commercial-Bank/?elementskit_template=header-all has been purged, triggered by action: save_post 
[2025-06-18 09:13:11 : INFO] - Cache for URL: http://localhost/Orbit-Commercial-Bank/?elementskit_template=header-all has been purged, triggered by action: save_post 
[2025-06-18 09:13:11 : INFO] - Cache for URL: http://localhost/Orbit-Commercial-Bank/?elementskit_template=header-all has been purged, triggered by action: save_post 
[2025-06-18 09:13:11 : INFO] - Cache for URL: http://localhost/Orbit-Commercial-Bank/?elementskit_template=header-all has been purged, triggered by action: save_post 
[2025-06-18 09:13:23 : INFO] - Cache for URL: http://localhost/Orbit-Commercial-Bank/?elementskit_template=header-all has been purged, triggered by action: save_post 
[2025-06-18 09:13:23 : INFO] - Cache for URL: http://localhost/Orbit-Commercial-Bank/?elementskit_template=header-all has been purged, triggered by action: save_post 
[2025-06-18 09:13:23 : INFO] - Cache for URL: http://localhost/Orbit-Commercial-Bank/?elementskit_template=header-all has been purged, triggered by action: save_post 
[2025-06-18 09:13:59 : INFO] - Cache for URL: http://localhost/Orbit-Commercial-Bank/?elementskit_template=header-all has been purged, triggered by action: save_post 
[2025-06-18 09:13:59 : INFO] - Cache for URL: http://localhost/Orbit-Commercial-Bank/?elementskit_template=header-all has been purged, triggered by action: save_post 
[2025-06-18 09:14:00 : INFO] - Cache for URL: http://localhost/Orbit-Commercial-Bank/?elementskit_template=header-all has been purged, triggered by action: save_post 
[2025-06-18 09:14:47 : INFO] - Cache for URL: http://localhost/Orbit-Commercial-Bank/?elementskit_template=header-all has been purged, triggered by action: save_post 
[2025-06-18 09:14:47 : INFO] - Cache for URL: http://localhost/Orbit-Commercial-Bank/?elementskit_template=header-all has been purged, triggered by action: save_post 
[2025-06-18 09:14:47 : INFO] - Cache for URL: http://localhost/Orbit-Commercial-Bank/?elementskit_template=header-all has been purged, triggered by action: save_post 
[2025-06-18 10:16:08 : INFO] - Cache for URL: http://localhost/Orbit-Commercial-Bank/ has been purged, triggered by action: save_post 
[2025-06-18 10:16:08 : INFO] - Cache for URL: http://localhost/Orbit-Commercial-Bank/ has been purged, triggered by action: save_post 
[2025-06-18 10:16:08 : INFO] - Cache for URL: http://localhost/Orbit-Commercial-Bank/ has been purged, triggered by action: save_post 
[2025-06-18 10:18:11 : INFO] - Cache for URL: http://localhost/Orbit-Commercial-Bank/ has been purged, triggered by action: save_post 
[2025-06-18 10:18:11 : INFO] - Cache for URL: http://localhost/Orbit-Commercial-Bank/ has been purged, triggered by action: save_post 
[2025-06-18 10:18:12 : INFO] - Cache for URL: http://localhost/Orbit-Commercial-Bank/ has been purged, triggered by action: save_post 
[2025-06-18 10:44:49 : INFO] - Cache for URL: http://localhost/Orbit-Commercial-Bank/ has been purged, triggered by action: save_post 
[2025-06-18 10:44:49 : INFO] - Cache for URL: http://localhost/Orbit-Commercial-Bank/ has been purged, triggered by action: save_post 
[2025-06-18 10:44:49 : INFO] - Cache for URL: http://localhost/Orbit-Commercial-Bank/ has been purged, triggered by action: save_post 
[2025-06-18 10:55:01 : INFO] - Cache for URL: http://localhost/Orbit-Commercial-Bank/ has been purged, triggered by action: save_post 
[2025-06-18 10:55:01 : INFO] - Cache for URL: http://localhost/Orbit-Commercial-Bank/ has been purged, triggered by action: save_post 
[2025-06-18 10:55:01 : INFO] - Cache for URL: http://localhost/Orbit-Commercial-Bank/ has been purged, triggered by action: save_post 
[2025-06-18 10:55:57 : INFO] - Cache for URL: http://localhost/Orbit-Commercial-Bank/ has been purged, triggered by action: save_post 
[2025-06-18 10:55:57 : INFO] - Cache for URL: http://localhost/Orbit-Commercial-Bank/ has been purged, triggered by action: save_post 
[2025-06-18 10:55:58 : INFO] - Cache for URL: http://localhost/Orbit-Commercial-Bank/ has been purged, triggered by action: save_post 
[2025-06-18 11:05:18 : INFO] - Cache for URL: http://localhost/Orbit-Commercial-Bank/ has been purged, triggered by action: save_post 
[2025-06-18 11:05:18 : INFO] - Cache for URL: http://localhost/Orbit-Commercial-Bank/ has been purged, triggered by action: save_post 
[2025-06-18 11:05:19 : INFO] - Cache for URL: http://localhost/Orbit-Commercial-Bank/ has been purged, triggered by action: save_post 
[2025-06-18 11:06:54 : INFO] - Cache for URL: http://localhost/Orbit-Commercial-Bank/ has been purged, triggered by action: save_post 
[2025-06-18 11:06:54 : INFO] - Cache for URL: http://localhost/Orbit-Commercial-Bank/ has been purged, triggered by action: save_post 
[2025-06-18 11:06:54 : INFO] - Cache for URL: http://localhost/Orbit-Commercial-Bank/ has been purged, triggered by action: save_post 
[2025-06-18 11:16:48 : INFO] - Cache for URL: http://localhost/Orbit-Commercial-Bank/ has been purged, triggered by action: save_post 
[2025-06-18 11:16:48 : INFO] - Cache for URL: http://localhost/Orbit-Commercial-Bank/ has been purged, triggered by action: save_post 
[2025-06-18 11:16:49 : INFO] - Cache for URL: http://localhost/Orbit-Commercial-Bank/ has been purged, triggered by action: save_post 
[2025-06-18 11:17:23 : INFO] - Cache for URL: http://localhost/Orbit-Commercial-Bank/ has been purged, triggered by action: save_post 
[2025-06-18 11:17:23 : INFO] - Cache for URL: http://localhost/Orbit-Commercial-Bank/ has been purged, triggered by action: save_post 
[2025-06-18 11:17:24 : INFO] - Cache for URL: http://localhost/Orbit-Commercial-Bank/ has been purged, triggered by action: save_post 
[2025-06-18 11:18:00 : INFO] - Cache for URL: http://localhost/Orbit-Commercial-Bank/ has been purged, triggered by action: save_post 
[2025-06-18 11:18:00 : INFO] - Cache for URL: http://localhost/Orbit-Commercial-Bank/ has been purged, triggered by action: save_post 
[2025-06-18 11:18:01 : INFO] - Cache for URL: http://localhost/Orbit-Commercial-Bank/ has been purged, triggered by action: save_post 
[2025-06-18 11:18:35 : INFO] - Cache for URL: http://localhost/Orbit-Commercial-Bank/ has been purged, triggered by action: save_post 
[2025-06-18 11:18:35 : INFO] - Cache for URL: http://localhost/Orbit-Commercial-Bank/ has been purged, triggered by action: save_post 
[2025-06-18 11:18:35 : INFO] - Cache for URL: http://localhost/Orbit-Commercial-Bank/ has been purged, triggered by action: save_post 
[2025-06-18 11:19:23 : INFO] - Cache for URL: http://localhost/Orbit-Commercial-Bank/?elementskit_template=header-all has been purged, triggered by action: save_post 
[2025-06-18 11:19:23 : INFO] - Cache for URL: http://localhost/Orbit-Commercial-Bank/?elementskit_template=header-all has been purged, triggered by action: save_post 
[2025-06-18 11:19:23 : INFO] - Cache for URL: http://localhost/Orbit-Commercial-Bank/?elementskit_template=header-all has been purged, triggered by action: save_post 
[2025-06-18 11:19:42 : INFO] - Cache for URL: http://localhost/Orbit-Commercial-Bank/?elementskit_template=header-all has been purged, triggered by action: save_post 
[2025-06-18 11:19:42 : INFO] - Cache for URL: http://localhost/Orbit-Commercial-Bank/?elementskit_template=header-all has been purged, triggered by action: save_post 
[2025-06-18 11:19:42 : INFO] - Cache for URL: http://localhost/Orbit-Commercial-Bank/?elementskit_template=header-all has been purged, triggered by action: save_post 
[2025-06-18 11:20:27 : INFO] - Cache for URL: http://localhost/Orbit-Commercial-Bank/ has been purged, triggered by action: save_post 
[2025-06-18 11:20:28 : INFO] - Cache for URL: http://localhost/Orbit-Commercial-Bank/ has been purged, triggered by action: save_post 
[2025-06-18 11:20:28 : INFO] - Cache for URL: http://localhost/Orbit-Commercial-Bank/ has been purged, triggered by action: save_post 
[2025-06-18 11:22:08 : INFO] - Cache for URL: http://localhost/Orbit-Commercial-Bank/ has been purged, triggered by action: save_post 
[2025-06-18 11:22:08 : INFO] - Cache for URL: http://localhost/Orbit-Commercial-Bank/ has been purged, triggered by action: save_post 
[2025-06-18 11:22:09 : INFO] - Cache for URL: http://localhost/Orbit-Commercial-Bank/ has been purged, triggered by action: save_post 
[2025-06-18 11:30:31 : INFO] - Cache for URL: http://localhost/Orbit-Commercial-Bank/ has been purged, triggered by action: save_post 
[2025-06-18 11:30:31 : INFO] - Cache for URL: http://localhost/Orbit-Commercial-Bank/ has been purged, triggered by action: save_post 
[2025-06-18 11:30:32 : INFO] - Cache for URL: http://localhost/Orbit-Commercial-Bank/ has been purged, triggered by action: save_post 
[2025-06-18 11:32:00 : INFO] - Cache for URL: http://localhost/Orbit-Commercial-Bank/ has been purged, triggered by action: save_post 
[2025-06-18 11:32:00 : INFO] - Cache for URL: http://localhost/Orbit-Commercial-Bank/ has been purged, triggered by action: save_post 
[2025-06-18 11:32:00 : INFO] - Cache for URL: http://localhost/Orbit-Commercial-Bank/ has been purged, triggered by action: save_post 
[2025-06-18 11:34:56 : INFO] - Cache for URL: http://localhost/Orbit-Commercial-Bank/ has been purged, triggered by action: save_post 
[2025-06-18 11:34:56 : INFO] - Cache for URL: http://localhost/Orbit-Commercial-Bank/ has been purged, triggered by action: save_post 
[2025-06-18 11:34:57 : INFO] - Cache for URL: http://localhost/Orbit-Commercial-Bank/ has been purged, triggered by action: save_post 
[2025-06-18 11:36:37 : INFO] - Cache for URL: http://localhost/Orbit-Commercial-Bank/ has been purged, triggered by action: save_post 
[2025-06-18 11:36:37 : INFO] - Cache for URL: http://localhost/Orbit-Commercial-Bank/ has been purged, triggered by action: save_post 
[2025-06-18 11:36:37 : INFO] - Cache for URL: http://localhost/Orbit-Commercial-Bank/ has been purged, triggered by action: save_post 
[2025-06-18 11:38:51 : INFO] - Cache for URL: http://localhost/Orbit-Commercial-Bank/ has been purged, triggered by action: save_post 
[2025-06-18 11:38:52 : INFO] - Cache for URL: http://localhost/Orbit-Commercial-Bank/ has been purged, triggered by action: save_post 
[2025-06-18 11:38:52 : INFO] - Cache for URL: http://localhost/Orbit-Commercial-Bank/ has been purged, triggered by action: save_post 
[2025-06-18 11:40:25 : INFO] - Cache for multiple term taxonomy have been purged due to post terms update, triggered by action: set_object_terms 
[2025-06-18 11:41:48 : INFO] - Cache for URL: http://localhost/Orbit-Commercial-Bank/ has been purged, triggered by action: save_post 
[2025-06-18 11:41:48 : INFO] - Cache for URL: http://localhost/Orbit-Commercial-Bank/ has been purged, triggered by action: save_post 
[2025-06-18 11:41:49 : INFO] - Cache for URL: http://localhost/Orbit-Commercial-Bank/ has been purged, triggered by action: save_post 
[2025-06-18 11:43:21 : INFO] - Cache for URL: http://localhost/Orbit-Commercial-Bank/ has been purged, triggered by action: save_post 
[2025-06-18 11:43:21 : INFO] - Cache for URL: http://localhost/Orbit-Commercial-Bank/ has been purged, triggered by action: save_post 
[2025-06-18 11:43:22 : INFO] - Cache for URL: http://localhost/Orbit-Commercial-Bank/ has been purged, triggered by action: save_post 
[2025-06-18 12:27:24 : INFO] - Cache for URL: http://localhost/Orbit-Commercial-Bank/ has been purged, triggered by action: save_post 
[2025-06-18 12:27:24 : INFO] - Cache for URL: http://localhost/Orbit-Commercial-Bank/ has been purged, triggered by action: save_post 
[2025-06-18 12:27:24 : INFO] - Cache for URL: http://localhost/Orbit-Commercial-Bank/ has been purged, triggered by action: save_post 
[2025-06-18 12:28:51 : INFO] - Cache for URL: http://localhost/Orbit-Commercial-Bank/?elementskit_template=header-all has been purged, triggered by action: save_post 
[2025-06-18 12:28:51 : INFO] - Cache for URL: http://localhost/Orbit-Commercial-Bank/?elementskit_template=header-all has been purged, triggered by action: save_post 
[2025-06-18 12:28:51 : INFO] - Cache for URL: http://localhost/Orbit-Commercial-Bank/?elementskit_template=header-all has been purged, triggered by action: save_post 
[2025-06-18 12:30:21 : INFO] - Cache for URL: http://localhost/Orbit-Commercial-Bank/?elementskit_template=header-all has been purged, triggered by action: save_post 
[2025-06-18 12:30:22 : INFO] - Cache for URL: http://localhost/Orbit-Commercial-Bank/?elementskit_template=header-all has been purged, triggered by action: save_post 
[2025-06-18 12:30:22 : INFO] - Cache for URL: http://localhost/Orbit-Commercial-Bank/?elementskit_template=header-all has been purged, triggered by action: save_post 
[2025-06-18 12:31:22 : INFO] - Cache for URL: http://localhost/Orbit-Commercial-Bank/ has been purged, triggered by action: save_post 
[2025-06-18 12:31:23 : INFO] - Cache for URL: http://localhost/Orbit-Commercial-Bank/ has been purged, triggered by action: save_post 
[2025-06-18 12:31:23 : INFO] - Cache for URL: http://localhost/Orbit-Commercial-Bank/ has been purged, triggered by action: save_post 
[2025-06-18 12:31:38 : INFO] - Cache for URL: http://localhost/Orbit-Commercial-Bank/ has been purged, triggered by action: save_post 
[2025-06-18 12:31:38 : INFO] - Cache for URL: http://localhost/Orbit-Commercial-Bank/ has been purged, triggered by action: save_post 
[2025-06-18 12:31:39 : INFO] - Cache for URL: http://localhost/Orbit-Commercial-Bank/ has been purged, triggered by action: save_post 
[2025-06-18 12:32:03 : INFO] - Cache for URL: http://localhost/Orbit-Commercial-Bank/ has been purged, triggered by action: save_post 
[2025-06-18 12:32:03 : INFO] - Cache for URL: http://localhost/Orbit-Commercial-Bank/ has been purged, triggered by action: save_post 
[2025-06-18 12:32:04 : INFO] - Cache for URL: http://localhost/Orbit-Commercial-Bank/ has been purged, triggered by action: save_post 
[2025-06-18 12:35:58 : INFO] - Cache for URL: http://localhost/Orbit-Commercial-Bank/ has been purged, triggered by action: save_post 
[2025-06-18 12:35:58 : INFO] - Cache for URL: http://localhost/Orbit-Commercial-Bank/ has been purged, triggered by action: save_post 
[2025-06-18 12:35:58 : INFO] - Cache for URL: http://localhost/Orbit-Commercial-Bank/ has been purged, triggered by action: save_post 
[2025-06-18 12:36:23 : INFO] - Cache for URL: http://localhost/Orbit-Commercial-Bank/ has been purged, triggered by action: save_post 
[2025-06-18 12:36:23 : INFO] - Cache for URL: http://localhost/Orbit-Commercial-Bank/ has been purged, triggered by action: save_post 
[2025-06-18 12:36:23 : INFO] - Cache for URL: http://localhost/Orbit-Commercial-Bank/ has been purged, triggered by action: save_post 
[2025-06-18 12:37:45 : INFO] - Cache for URL: http://localhost/Orbit-Commercial-Bank/ has been purged, triggered by action: save_post 
[2025-06-18 12:37:45 : INFO] - Cache for URL: http://localhost/Orbit-Commercial-Bank/ has been purged, triggered by action: save_post 
[2025-06-18 12:37:45 : INFO] - Cache for URL: http://localhost/Orbit-Commercial-Bank/ has been purged, triggered by action: save_post 
[2025-06-18 12:39:56 : INFO] - Cache for URL: http://localhost/Orbit-Commercial-Bank/ has been purged, triggered by action: save_post 
[2025-06-18 12:39:56 : INFO] - Cache for URL: http://localhost/Orbit-Commercial-Bank/ has been purged, triggered by action: save_post 
[2025-06-18 12:39:56 : INFO] - Cache for URL: http://localhost/Orbit-Commercial-Bank/ has been purged, triggered by action: save_post 
[2025-06-18 12:43:54 : INFO] - Cache for URL: http://localhost/Orbit-Commercial-Bank/ has been purged, triggered by action: save_post 
[2025-06-18 12:43:55 : INFO] - Cache for URL: http://localhost/Orbit-Commercial-Bank/ has been purged, triggered by action: save_post 
[2025-06-18 12:43:55 : INFO] - Cache for URL: http://localhost/Orbit-Commercial-Bank/ has been purged, triggered by action: save_post 
[2025-06-18 12:51:25 : INFO] - Cache for URL: http://localhost/Orbit-Commercial-Bank/ has been purged, triggered by action: save_post 
[2025-06-18 12:51:26 : INFO] - Cache for URL: http://localhost/Orbit-Commercial-Bank/ has been purged, triggered by action: save_post 
[2025-06-18 12:51:26 : INFO] - Cache for URL: http://localhost/Orbit-Commercial-Bank/ has been purged, triggered by action: save_post 
[2025-06-18 12:52:10 : INFO] - Cache for URL: http://localhost/Orbit-Commercial-Bank/ has been purged, triggered by action: save_post 
[2025-06-18 12:52:10 : INFO] - Cache for URL: http://localhost/Orbit-Commercial-Bank/ has been purged, triggered by action: save_post 
[2025-06-18 12:52:10 : INFO] - Cache for URL: http://localhost/Orbit-Commercial-Bank/ has been purged, triggered by action: save_post 
[2025-06-18 12:52:21 : INFO] - Cache for URL: http://localhost/Orbit-Commercial-Bank/ has been purged, triggered by action: save_post 
[2025-06-18 12:52:21 : INFO] - Cache for URL: http://localhost/Orbit-Commercial-Bank/ has been purged, triggered by action: save_post 
[2025-06-18 12:52:22 : INFO] - Cache for URL: http://localhost/Orbit-Commercial-Bank/ has been purged, triggered by action: save_post 
[2025-06-18 12:53:42 : INFO] - Cache for URL: http://localhost/Orbit-Commercial-Bank/ has been purged, triggered by action: save_post 
[2025-06-18 12:53:42 : INFO] - Cache for URL: http://localhost/Orbit-Commercial-Bank/ has been purged, triggered by action: save_post 
[2025-06-18 12:53:43 : INFO] - Cache for URL: http://localhost/Orbit-Commercial-Bank/ has been purged, triggered by action: save_post 
[2025-06-18 12:53:58 : INFO] - Cache for URL: http://localhost/Orbit-Commercial-Bank/ has been purged, triggered by action: save_post 
[2025-06-18 12:53:58 : INFO] - Cache for URL: http://localhost/Orbit-Commercial-Bank/ has been purged, triggered by action: save_post 
[2025-06-18 12:53:59 : INFO] - Cache for URL: http://localhost/Orbit-Commercial-Bank/ has been purged, triggered by action: save_post 
[2025-06-18 12:55:08 : INFO] - Cache for URL: http://localhost/Orbit-Commercial-Bank/ has been purged, triggered by action: save_post 
[2025-06-18 12:55:08 : INFO] - Cache for URL: http://localhost/Orbit-Commercial-Bank/ has been purged, triggered by action: save_post 
[2025-06-18 12:55:08 : INFO] - Cache for URL: http://localhost/Orbit-Commercial-Bank/ has been purged, triggered by action: save_post 
[2025-06-18 12:58:11 : INFO] - Cache for URL: http://localhost/Orbit-Commercial-Bank/ has been purged, triggered by action: save_post 
[2025-06-18 12:58:11 : INFO] - Cache for URL: http://localhost/Orbit-Commercial-Bank/ has been purged, triggered by action: save_post 
[2025-06-18 12:58:11 : INFO] - Cache for URL: http://localhost/Orbit-Commercial-Bank/ has been purged, triggered by action: save_post 
[2025-06-18 12:58:54 : INFO] - Cache for URL: http://localhost/Orbit-Commercial-Bank/ has been purged, triggered by action: save_post 
[2025-06-18 12:58:54 : INFO] - Cache for URL: http://localhost/Orbit-Commercial-Bank/ has been purged, triggered by action: save_post 
[2025-06-18 12:58:55 : INFO] - Cache for URL: http://localhost/Orbit-Commercial-Bank/ has been purged, triggered by action: save_post 
[2025-06-18 13:00:55 : INFO] - Cache for URL: http://localhost/Orbit-Commercial-Bank/ has been purged, triggered by action: save_post 
[2025-06-18 13:00:56 : INFO] - Cache for URL: http://localhost/Orbit-Commercial-Bank/ has been purged, triggered by action: save_post 
[2025-06-18 13:00:56 : INFO] - Cache for URL: http://localhost/Orbit-Commercial-Bank/ has been purged, triggered by action: save_post 
[2025-06-18 13:15:05 : INFO] - Cache for URL: http://localhost/Orbit-Commercial-Bank/ has been purged, triggered by action: save_post 
[2025-06-18 13:15:05 : INFO] - Cache for URL: http://localhost/Orbit-Commercial-Bank/ has been purged, triggered by action: save_post 
[2025-06-18 13:15:06 : INFO] - Cache for URL: http://localhost/Orbit-Commercial-Bank/ has been purged, triggered by action: save_post 
[2025-06-18 13:19:30 : INFO] - Cache for URL: http://localhost/Orbit-Commercial-Bank/?elementskit_template=footer-all has been purged, triggered by action: save_post 
[2025-06-18 13:19:30 : INFO] - Cache for URL: http://localhost/Orbit-Commercial-Bank/?elementskit_template=footer-all has been purged, triggered by action: save_post 
[2025-06-18 13:19:30 : INFO] - Cache for URL: http://localhost/Orbit-Commercial-Bank/?elementskit_template=footer-all has been purged, triggered by action: save_post 
[2025-06-18 13:20:40 : INFO] - Cache for URL: http://localhost/Orbit-Commercial-Bank/?elementskit_template=footer-all has been purged, triggered by action: save_post 
[2025-06-18 13:20:40 : INFO] - Cache for URL: http://localhost/Orbit-Commercial-Bank/?elementskit_template=footer-all has been purged, triggered by action: save_post 
[2025-06-18 13:20:41 : INFO] - Cache for URL: http://localhost/Orbit-Commercial-Bank/?elementskit_template=footer-all has been purged, triggered by action: save_post 
[2025-06-18 13:21:55 : INFO] - Cache for URL: http://localhost/Orbit-Commercial-Bank/ has been purged, triggered by action: save_post 
[2025-06-18 13:21:55 : INFO] - Cache for URL: http://localhost/Orbit-Commercial-Bank/ has been purged, triggered by action: save_post 
[2025-06-18 13:21:56 : INFO] - Cache for URL: http://localhost/Orbit-Commercial-Bank/ has been purged, triggered by action: save_post 
[2025-06-19 05:29:07 : INFO] - Cache for URL: http://localhost/Orbit-Commercial-Bank/ has been purged, triggered by action: save_post 
[2025-06-19 05:29:08 : INFO] - Cache for URL: http://localhost/Orbit-Commercial-Bank/ has been purged, triggered by action: save_post 
[2025-06-19 05:29:09 : INFO] - Cache for URL: http://localhost/Orbit-Commercial-Bank/ has been purged, triggered by action: save_post 
[2025-06-19 05:48:52 : INFO] - Cache for URL: http://localhost/Orbit-Commercial-Bank/ has been purged, triggered by action: save_post 
[2025-06-19 05:48:53 : INFO] - Cache for URL: http://localhost/Orbit-Commercial-Bank/ has been purged, triggered by action: save_post 
[2025-06-19 05:48:54 : INFO] - Cache for URL: http://localhost/Orbit-Commercial-Bank/ has been purged, triggered by action: save_post 
[2025-06-19 05:49:45 : INFO] - Cache for URL: http://localhost/Orbit-Commercial-Bank/?elementskit_template=footer-all has been purged, triggered by action: save_post 
[2025-06-19 05:49:45 : INFO] - Cache for URL: http://localhost/Orbit-Commercial-Bank/?elementskit_template=footer-all has been purged, triggered by action: save_post 
[2025-06-19 05:49:45 : INFO] - Cache for URL: http://localhost/Orbit-Commercial-Bank/?elementskit_template=footer-all has been purged, triggered by action: save_post 
[2025-06-19 05:50:01 : INFO] - Cache for URL: http://localhost/Orbit-Commercial-Bank/?elementskit_template=header-all has been purged, triggered by action: save_post 
[2025-06-19 05:50:01 : INFO] - Cache for URL: http://localhost/Orbit-Commercial-Bank/?elementskit_template=header-all has been purged, triggered by action: save_post 
[2025-06-19 05:50:02 : INFO] - Cache for URL: http://localhost/Orbit-Commercial-Bank/?elementskit_template=header-all has been purged, triggered by action: save_post 
[2025-06-19 05:53:52 : INFO] - Cache for URL: http://localhost/Orbit-Commercial-Bank/?elementskit_template=header-all has been purged, triggered by action: save_post 
[2025-06-19 05:53:52 : INFO] - Cache for URL: http://localhost/Orbit-Commercial-Bank/?elementskit_template=header-all has been purged, triggered by action: save_post 
[2025-06-19 05:53:53 : INFO] - Cache for URL: http://localhost/Orbit-Commercial-Bank/?elementskit_template=header-all has been purged, triggered by action: save_post 
[2025-06-19 05:54:33 : INFO] - Cache for URL: http://localhost/Orbit-Commercial-Bank/?elementskit_template=header-all has been purged, triggered by action: save_post 
[2025-06-19 05:54:33 : INFO] - Cache for URL: http://localhost/Orbit-Commercial-Bank/?elementskit_template=header-all has been purged, triggered by action: save_post 
[2025-06-19 05:54:34 : INFO] - Cache for URL: http://localhost/Orbit-Commercial-Bank/?elementskit_template=header-all has been purged, triggered by action: save_post 
[2025-06-19 06:14:10 : INFO] - Cache for URL: http://localhost/Orbit-Commercial-Bank/?elementor_library=home-01 has been purged, triggered by action: save_post 
[2025-06-19 06:14:10 : INFO] - Cache for multiple term taxonomy have been purged due to post terms update, triggered by action: set_object_terms 
[2025-06-19 06:14:10 : INFO] - Cache for URL: http://localhost/Orbit-Commercial-Bank/?elementor_library=home-01 has been purged, triggered by action: save_post 
[2025-06-19 06:14:11 : INFO] - Cache for multiple term taxonomy have been purged due to post terms update, triggered by action: set_object_terms 
[2025-06-19 06:18:25 : INFO] - Cache for URL: http://localhost/Orbit-Commercial-Bank/?elementor_library=footer has been purged, triggered by action: save_post 
[2025-06-19 06:18:26 : INFO] - Cache for multiple term taxonomy have been purged due to post terms update, triggered by action: set_object_terms 
[2025-06-19 06:18:26 : INFO] - Cache for URL: http://localhost/Orbit-Commercial-Bank/?elementor_library=footer has been purged, triggered by action: save_post 
[2025-06-19 06:18:26 : INFO] - Cache for multiple term taxonomy have been purged due to post terms update, triggered by action: set_object_terms 
[2025-06-19 06:19:21 : INFO] - Cache for URL: http://localhost/Orbit-Commercial-Bank/ has been purged, triggered by action: save_post 
[2025-06-19 06:19:21 : INFO] - Cache for URL: http://localhost/Orbit-Commercial-Bank/ has been purged, triggered by action: save_post 
[2025-06-19 06:19:22 : INFO] - Cache for URL: http://localhost/Orbit-Commercial-Bank/ has been purged, triggered by action: save_post 
[2025-06-19 06:25:53 : INFO] - Cache for URL: http://localhost/Orbit-Commercial-Bank/?elementor_library=home-01 has been purged, triggered by action: wp_trash_post 
[2025-06-19 06:25:53 : INFO] - Cache for URL: http://localhost/Orbit-Commercial-Bank/?post_type=elementor_library&p=862 has been purged, triggered by action: save_post 
[2025-06-19 06:26:10 : INFO] - Cache for URL: http://localhost/Orbit-Commercial-Bank/ has been purged, triggered by action: save_post 
[2025-06-19 06:26:11 : INFO] - Cache for URL: http://localhost/Orbit-Commercial-Bank/ has been purged, triggered by action: save_post 
[2025-06-19 06:26:11 : INFO] - Cache for URL: http://localhost/Orbit-Commercial-Bank/ has been purged, triggered by action: save_post 
[2025-06-19 06:31:30 : INFO] - Cache for URL: http://localhost/Orbit-Commercial-Bank/?elementor_library=footer has been purged, triggered by action: wp_trash_post 
[2025-06-19 06:31:30 : INFO] - Cache for URL: http://localhost/Orbit-Commercial-Bank/?post_type=elementor_library&p=865 has been purged, triggered by action: save_post 
[2025-06-19 06:35:28 : INFO] - Cache for URL: http://localhost/Orbit-Commercial-Bank/ has been purged, triggered by action: save_post 
[2025-06-19 06:35:29 : INFO] - Cache for URL: http://localhost/Orbit-Commercial-Bank/ has been purged, triggered by action: save_post 
[2025-06-19 06:35:30 : INFO] - Cache for URL: http://localhost/Orbit-Commercial-Bank/ has been purged, triggered by action: save_post 
[2025-06-19 06:39:48 : INFO] - Cache for URL: http://localhost/Orbit-Commercial-Bank/ has been purged, triggered by action: save_post 
[2025-06-19 06:39:49 : INFO] - Cache for URL: http://localhost/Orbit-Commercial-Bank/ has been purged, triggered by action: save_post 
[2025-06-19 06:39:50 : INFO] - Cache for URL: http://localhost/Orbit-Commercial-Bank/ has been purged, triggered by action: save_post 
[2025-06-19 06:51:59 : INFO] - Cache for URL: http://localhost/Orbit-Commercial-Bank/ has been purged, triggered by action: save_post 
[2025-06-19 06:52:00 : INFO] - Cache for URL: http://localhost/Orbit-Commercial-Bank/ has been purged, triggered by action: save_post 
[2025-06-19 06:52:00 : INFO] - Cache for URL: http://localhost/Orbit-Commercial-Bank/ has been purged, triggered by action: save_post 
[2025-06-19 06:53:05 : INFO] - Cache for URL: http://localhost/Orbit-Commercial-Bank/ has been purged, triggered by action: save_post 
[2025-06-19 06:53:06 : INFO] - Cache for URL: http://localhost/Orbit-Commercial-Bank/ has been purged, triggered by action: save_post 
[2025-06-19 06:53:06 : INFO] - Cache for URL: http://localhost/Orbit-Commercial-Bank/ has been purged, triggered by action: save_post 
[2025-06-19 06:53:42 : INFO] - Cache for URL: http://localhost/Orbit-Commercial-Bank/ has been purged, triggered by action: save_post 
[2025-06-19 06:53:42 : INFO] - Cache for URL: http://localhost/Orbit-Commercial-Bank/ has been purged, triggered by action: save_post 
[2025-06-19 06:53:42 : INFO] - Cache for URL: http://localhost/Orbit-Commercial-Bank/ has been purged, triggered by action: save_post 
[2025-06-19 07:03:33 : INFO] - Cache for URL: http://localhost/Orbit-Commercial-Bank/ has been purged, triggered by action: save_post 
[2025-06-19 07:03:34 : INFO] - Cache for URL: http://localhost/Orbit-Commercial-Bank/ has been purged, triggered by action: save_post 
[2025-06-19 07:03:34 : INFO] - Cache for URL: http://localhost/Orbit-Commercial-Bank/ has been purged, triggered by action: save_post 
[2025-06-19 07:07:14 : INFO] - Cache for URL: http://localhost/Orbit-Commercial-Bank/ has been purged, triggered by action: save_post 
[2025-06-19 07:07:15 : INFO] - Cache for URL: http://localhost/Orbit-Commercial-Bank/ has been purged, triggered by action: save_post 
[2025-06-19 07:07:15 : INFO] - Cache for URL: http://localhost/Orbit-Commercial-Bank/ has been purged, triggered by action: save_post 
[2025-06-19 07:09:27 : INFO] - Cache for URL: http://localhost/Orbit-Commercial-Bank/ has been purged, triggered by action: save_post 
[2025-06-19 07:09:28 : INFO] - Cache for URL: http://localhost/Orbit-Commercial-Bank/ has been purged, triggered by action: save_post 
[2025-06-19 07:09:28 : INFO] - Cache for URL: http://localhost/Orbit-Commercial-Bank/ has been purged, triggered by action: save_post 
[2025-06-19 07:11:09 : INFO] - Cache for URL: http://localhost/Orbit-Commercial-Bank/ has been purged, triggered by action: save_post 
[2025-06-19 07:11:09 : INFO] - Cache for URL: http://localhost/Orbit-Commercial-Bank/ has been purged, triggered by action: save_post 
[2025-06-19 07:11:10 : INFO] - Cache for URL: http://localhost/Orbit-Commercial-Bank/ has been purged, triggered by action: save_post 
[2025-06-19 07:12:07 : INFO] - Cache for URL: http://localhost/Orbit-Commercial-Bank/ has been purged, triggered by action: save_post 
[2025-06-19 07:12:07 : INFO] - Cache for URL: http://localhost/Orbit-Commercial-Bank/ has been purged, triggered by action: save_post 
[2025-06-19 07:12:08 : INFO] - Cache for URL: http://localhost/Orbit-Commercial-Bank/ has been purged, triggered by action: save_post 
[2025-06-19 07:16:48 : INFO] - Cache for URL: http://localhost/Orbit-Commercial-Bank/ has been purged, triggered by action: save_post 
[2025-06-19 07:16:49 : INFO] - Cache for URL: http://localhost/Orbit-Commercial-Bank/ has been purged, triggered by action: save_post 
[2025-06-19 07:16:50 : INFO] - Cache for URL: http://localhost/Orbit-Commercial-Bank/ has been purged, triggered by action: save_post 
[2025-06-19 07:19:25 : INFO] - Cache for URL: http://localhost/Orbit-Commercial-Bank/ has been purged, triggered by action: save_post 
[2025-06-19 07:19:26 : INFO] - Cache for URL: http://localhost/Orbit-Commercial-Bank/ has been purged, triggered by action: save_post 
[2025-06-19 07:19:26 : INFO] - Cache for URL: http://localhost/Orbit-Commercial-Bank/ has been purged, triggered by action: save_post 
[2025-06-19 07:20:15 : INFO] - Cache for URL: http://localhost/Orbit-Commercial-Bank/ has been purged, triggered by action: save_post 
[2025-06-19 07:20:16 : INFO] - Cache for URL: http://localhost/Orbit-Commercial-Bank/ has been purged, triggered by action: save_post 
[2025-06-19 07:20:16 : INFO] - Cache for URL: http://localhost/Orbit-Commercial-Bank/ has been purged, triggered by action: save_post 
[2025-06-19 07:21:57 : INFO] - Cache for URL: http://localhost/Orbit-Commercial-Bank/ has been purged, triggered by action: save_post 
[2025-06-19 07:21:58 : INFO] - Cache for URL: http://localhost/Orbit-Commercial-Bank/ has been purged, triggered by action: save_post 
[2025-06-19 07:21:58 : INFO] - Cache for URL: http://localhost/Orbit-Commercial-Bank/ has been purged, triggered by action: save_post 
[2025-06-19 07:23:40 : INFO] - Cache for URL: http://localhost/Orbit-Commercial-Bank/?elementskit_template=footer-all has been purged, triggered by action: save_post 
[2025-06-19 07:23:41 : INFO] - Cache for URL: http://localhost/Orbit-Commercial-Bank/?elementskit_template=footer-all has been purged, triggered by action: save_post 
[2025-06-19 07:23:41 : INFO] - Cache for URL: http://localhost/Orbit-Commercial-Bank/?elementskit_template=footer-all has been purged, triggered by action: save_post 
[2025-06-19 07:26:15 : INFO] - Cache for URL: http://localhost/Orbit-Commercial-Bank/?elementskit_template=header-all has been purged, triggered by action: save_post 
[2025-06-19 07:26:15 : INFO] - Cache for URL: http://localhost/Orbit-Commercial-Bank/?elementskit_template=header-all has been purged, triggered by action: save_post 
[2025-06-19 07:26:16 : INFO] - Cache for URL: http://localhost/Orbit-Commercial-Bank/?elementskit_template=header-all has been purged, triggered by action: save_post 
[2025-06-19 07:26:38 : INFO] - Cache for URL: http://localhost/Orbit-Commercial-Bank/?elementskit_template=header-all has been purged, triggered by action: save_post 
[2025-06-19 07:26:39 : INFO] - Cache for URL: http://localhost/Orbit-Commercial-Bank/?elementskit_template=header-all has been purged, triggered by action: save_post 
[2025-06-19 07:26:39 : INFO] - Cache for URL: http://localhost/Orbit-Commercial-Bank/?elementskit_template=header-all has been purged, triggered by action: save_post 
[2025-06-19 08:41:25 : INFO] - Cache for URL: http://localhost/Orbit-Commercial-Bank/ has been purged, triggered by action: save_post 
[2025-06-19 08:41:25 : INFO] - Cache for URL: http://localhost/Orbit-Commercial-Bank/ has been purged, triggered by action: save_post 
[2025-06-19 08:41:26 : INFO] - Cache for URL: http://localhost/Orbit-Commercial-Bank/ has been purged, triggered by action: save_post 
[2025-06-19 08:44:40 : INFO] - Cache for URL: http://localhost/Orbit-Commercial-Bank/ has been purged, triggered by action: save_post 
[2025-06-19 08:44:40 : INFO] - Cache for URL: http://localhost/Orbit-Commercial-Bank/ has been purged, triggered by action: save_post 
[2025-06-19 08:44:40 : INFO] - Cache for URL: http://localhost/Orbit-Commercial-Bank/ has been purged, triggered by action: save_post 
[2025-06-19 08:45:52 : INFO] - Cache for URL: http://localhost/Orbit-Commercial-Bank/ has been purged, triggered by action: save_post 
[2025-06-19 08:45:53 : INFO] - Cache for URL: http://localhost/Orbit-Commercial-Bank/ has been purged, triggered by action: save_post 
[2025-06-19 08:45:53 : INFO] - Cache for URL: http://localhost/Orbit-Commercial-Bank/ has been purged, triggered by action: save_post 
[2025-06-19 08:47:42 : INFO] - Cache for URL: http://localhost/Orbit-Commercial-Bank/ has been purged, triggered by action: save_post 
[2025-06-19 08:47:42 : INFO] - Cache for URL: http://localhost/Orbit-Commercial-Bank/ has been purged, triggered by action: save_post 
[2025-06-19 08:47:43 : INFO] - Cache for URL: http://localhost/Orbit-Commercial-Bank/ has been purged, triggered by action: save_post 
[2025-06-19 08:49:00 : INFO] - Cache for URL: http://localhost/Orbit-Commercial-Bank/ has been purged, triggered by action: save_post 
[2025-06-19 08:49:01 : INFO] - Cache for URL: http://localhost/Orbit-Commercial-Bank/ has been purged, triggered by action: save_post 
[2025-06-19 08:49:01 : INFO] - Cache for URL: http://localhost/Orbit-Commercial-Bank/ has been purged, triggered by action: save_post 
[2025-06-19 08:49:46 : INFO] - Cache for URL: http://localhost/Orbit-Commercial-Bank/?elementskit_template=header-all has been purged, triggered by action: save_post 
[2025-06-19 08:49:46 : INFO] - Cache for URL: http://localhost/Orbit-Commercial-Bank/?elementskit_template=header-all has been purged, triggered by action: save_post 
[2025-06-19 08:49:47 : INFO] - Cache for URL: http://localhost/Orbit-Commercial-Bank/?elementskit_template=header-all has been purged, triggered by action: save_post 
[2025-06-19 08:53:06 : INFO] - Cache for URL: http://localhost/Orbit-Commercial-Bank/?elementskit_template=header-all has been purged, triggered by action: save_post 
[2025-06-19 08:53:06 : INFO] - Cache for URL: http://localhost/Orbit-Commercial-Bank/?elementskit_template=header-all has been purged, triggered by action: save_post 
[2025-06-19 08:53:07 : INFO] - Cache for URL: http://localhost/Orbit-Commercial-Bank/?elementskit_template=header-all has been purged, triggered by action: save_post 
[2025-06-19 08:53:24 : INFO] - Cache for URL: http://localhost/Orbit-Commercial-Bank/?elementskit_template=header-all has been purged, triggered by action: save_post 
[2025-06-19 08:53:24 : INFO] - Cache for URL: http://localhost/Orbit-Commercial-Bank/?elementskit_template=header-all has been purged, triggered by action: save_post 
[2025-06-19 08:53:25 : INFO] - Cache for URL: http://localhost/Orbit-Commercial-Bank/?elementskit_template=header-all has been purged, triggered by action: save_post 
[2025-06-19 08:54:02 : INFO] - Cache for URL: http://localhost/Orbit-Commercial-Bank/?elementskit_template=header-all has been purged, triggered by action: save_post 
[2025-06-19 08:54:03 : INFO] - Cache for URL: http://localhost/Orbit-Commercial-Bank/?elementskit_template=header-all has been purged, triggered by action: save_post 
[2025-06-19 08:54:03 : INFO] - Cache for URL: http://localhost/Orbit-Commercial-Bank/?elementskit_template=header-all has been purged, triggered by action: save_post 
[2025-06-19 08:54:21 : INFO] - Cache for URL: http://localhost/Orbit-Commercial-Bank/?elementskit_template=header-all has been purged, triggered by action: save_post 
[2025-06-19 08:54:21 : INFO] - Cache for URL: http://localhost/Orbit-Commercial-Bank/?elementskit_template=header-all has been purged, triggered by action: save_post 
[2025-06-19 08:54:21 : INFO] - Cache for URL: http://localhost/Orbit-Commercial-Bank/?elementskit_template=header-all has been purged, triggered by action: save_post 
[2025-06-19 08:55:40 : INFO] - Cache for URL: http://localhost/Orbit-Commercial-Bank/?elementskit_template=header-all has been purged, triggered by action: save_post 
[2025-06-19 08:55:40 : INFO] - Cache for URL: http://localhost/Orbit-Commercial-Bank/?elementskit_template=header-all has been purged, triggered by action: save_post 
[2025-06-19 08:55:41 : INFO] - Cache for URL: http://localhost/Orbit-Commercial-Bank/?elementskit_template=header-all has been purged, triggered by action: save_post 
[2025-06-19 08:56:26 : INFO] - Cache for URL: http://localhost/Orbit-Commercial-Bank/?elementskit_template=header-all has been purged, triggered by action: save_post 
[2025-06-19 08:56:26 : INFO] - Cache for URL: http://localhost/Orbit-Commercial-Bank/?elementskit_template=header-all has been purged, triggered by action: save_post 
[2025-06-19 08:56:26 : INFO] - Cache for URL: http://localhost/Orbit-Commercial-Bank/?elementskit_template=header-all has been purged, triggered by action: save_post 
[2025-06-19 08:59:20 : INFO] - Cache for URL: http://localhost/Orbit-Commercial-Bank/ has been purged, triggered by action: save_post 
[2025-06-19 08:59:20 : INFO] - Cache for URL: http://localhost/Orbit-Commercial-Bank/ has been purged, triggered by action: save_post 
[2025-06-19 08:59:21 : INFO] - Cache for URL: http://localhost/Orbit-Commercial-Bank/ has been purged, triggered by action: save_post 
[2025-06-19 09:02:13 : INFO] - Cache for URL: http://localhost/Orbit-Commercial-Bank/ has been purged, triggered by action: save_post 
[2025-06-19 09:02:14 : INFO] - Cache for URL: http://localhost/Orbit-Commercial-Bank/ has been purged, triggered by action: save_post 
[2025-06-19 09:02:14 : INFO] - Cache for URL: http://localhost/Orbit-Commercial-Bank/ has been purged, triggered by action: save_post 
[2025-06-19 09:04:00 : INFO] - Cache for URL: http://localhost/Orbit-Commercial-Bank/ has been purged, triggered by action: save_post 
[2025-06-19 09:04:01 : INFO] - Cache for URL: http://localhost/Orbit-Commercial-Bank/ has been purged, triggered by action: save_post 
[2025-06-19 09:04:01 : INFO] - Cache for URL: http://localhost/Orbit-Commercial-Bank/ has been purged, triggered by action: save_post 
[2025-06-19 09:10:11 : INFO] - Cache for URL: http://localhost/Orbit-Commercial-Bank/?elementskit_template=footer-all has been purged, triggered by action: save_post 
[2025-06-19 09:10:11 : INFO] - Cache for URL: http://localhost/Orbit-Commercial-Bank/?elementskit_template=footer-all has been purged, triggered by action: save_post 
[2025-06-19 09:10:11 : INFO] - Cache for URL: http://localhost/Orbit-Commercial-Bank/?elementskit_template=footer-all has been purged, triggered by action: save_post 
[2025-06-19 09:16:27 : INFO] - Cache for URL: http://localhost/Orbit-Commercial-Bank/ has been purged, triggered by action: save_post 
[2025-06-19 09:16:27 : INFO] - Cache for URL: http://localhost/Orbit-Commercial-Bank/ has been purged, triggered by action: save_post 
[2025-06-19 09:16:28 : INFO] - Cache for URL: http://localhost/Orbit-Commercial-Bank/ has been purged, triggered by action: save_post 
[2025-06-19 09:22:13 : INFO] - Cache for URL: http://localhost/Orbit-Commercial-Bank/?elementskit_template=footer-all has been purged, triggered by action: save_post 
[2025-06-19 09:22:13 : INFO] - Cache for URL: http://localhost/Orbit-Commercial-Bank/?elementskit_template=footer-all has been purged, triggered by action: save_post 
[2025-06-19 09:22:13 : INFO] - Cache for URL: http://localhost/Orbit-Commercial-Bank/?elementskit_template=footer-all has been purged, triggered by action: save_post 
[2025-06-19 09:22:41 : INFO] - Cache for URL: http://localhost/Orbit-Commercial-Bank/?elementskit_template=footer-all has been purged, triggered by action: save_post 
[2025-06-19 09:22:41 : INFO] - Cache for URL: http://localhost/Orbit-Commercial-Bank/?elementskit_template=footer-all has been purged, triggered by action: save_post 
[2025-06-19 09:22:41 : INFO] - Cache for URL: http://localhost/Orbit-Commercial-Bank/?elementskit_template=footer-all has been purged, triggered by action: save_post 
[2025-06-19 09:37:30 : INFO] - Cache for URL: http://localhost/Orbit-Commercial-Bank/ has been purged, triggered by action: save_post 
[2025-06-19 09:37:31 : INFO] - Cache for URL: http://localhost/Orbit-Commercial-Bank/ has been purged, triggered by action: save_post 
[2025-06-19 09:37:31 : INFO] - Cache for URL: http://localhost/Orbit-Commercial-Bank/ has been purged, triggered by action: save_post 
